// Jest Snapshot v1, https://goo.gl/fbAQLP

exports[`galaxy should match snapshot 1`] = `
<div
  className="info-items-container"
>
  <ParticlesContainer />
</div>
`;
