// Jest Snapshot v1, https://goo.gl/fbAQLP

exports[`Page Not Found should match snapshot 1`] = `
<div
  className="page-not-found"
>
  <h2>
    Page Not Found.
  </h2>
  <h2
    className="not-found"
  >
    404
  </h2>
  <Link
    to="/"
  >
    Return Home
  </Link>
</div>
`;
